// Jest Snapshot v1, https://goo.gl/fbAQLP

exports[`Weather Reading renders as expected 1`] = `
<div>
  <div>
    <div
      className="ribbon one"
    >
      <div
        className="ribbon-header"
      >
        Weather
      </div>
      <span
        className="ribbon-text"
      >
        <span
          className="hidden"
        >
          79
          Â°
        </span>
        <button
          class="btn weather"
          onClick={[Function]}
        >
          Change
        </button>
      </span>
      <img
        alt="weather icon"
        className="icon"
        src="http://openweathermap.org/img/wn/10n@2x.png"
      />
    </div>
  </div>
</div>
`;
